<html>
<body>
<pre>
<h1>µVision Build Log</h1>
<h2>Project:</h2>
D:\Keil\Labware\Lab8_SwitchLEDinterface - Copy\Lab8.uvproj
Project File Date:  08/18/2021

<h2>Output:</h2>
Build target 'Lab8'
compiling SwitchLEDInterface.c...
linking...
Program Size: Code=4108 RO-data=6628 RW-data=60 ZI-data=1756  
".\Lab8.axf" - 0 Error(s), 0 Warning(s).
</pre>
</body>
</html>

Load "D:\\Keil\\Labware\\Lab8_SwitchLEDinterface - Copy\\Lab8.axf" 
Connecting: Mode=JTAG, Speed=1000000Hz
Erase Done.
Programming Done.
Verify OK.
ash Download failed  -  Target DLL has been cancelled
